2026-10-04  8:59:11 0 [Note] Starting MariaDB 11.8.6-MariaDB-6 from Debian source revision 9bfea48ce1214cc4470f6f6f8a4e30352cef84e7 server_uid 3ku2oThZ2c3HBQKvKhxsN9HX1eU= as process 233745
2026-10-04  8:59:11 0 [Note] mariadbd: Aria engine: starting recovery
recovered pages: 0% 10% 20% 33% 43% 58% 70% 83% 94% 100% (0.0 seconds); tables to flush: 3 2 1 0 (0.0 seconds); 
2026-10-04  8:59:11 0 [Note] mariadbd: Aria engine: recovery done
2026-10-04  8:59:11 0 [Note] InnoDB: Compressed tables use zlib 1.3.2
2026-10-04  8:59:11 0 [Note] InnoDB: Number of transaction pools: 1
2026-10-04  8:59:11 0 [Note] InnoDB: Using crc32 + pclmulqdq instructions
2026-10-04  8:59:11 0 [Note] InnoDB: Using io_uring
2026-10-04  8:59:11 0 [Note] InnoDB: innodb_buffer_pool_size_max=128m, innodb_buffer_pool_size=128m
2026-10-04  8:59:11 0 [Note] InnoDB: Initialized memory pressure event listener
2026-10-04  8:59:11 0 [Note] InnoDB: Completed initialization of buffer pool
2026-10-04  8:59:11 0 [Note] InnoDB: File system buffers for log disabled (block size=512 bytes)
2026-10-04  8:59:11 0 [Note] InnoDB: Starting crash recovery from checkpoint LSN=45600
2026-10-04  8:59:11 0 [Note] InnoDB: End of log at LSN=1177323
2026-10-04  8:59:11 0 [Note] InnoDB: To recover: 368 pages
2026-10-04  8:59:11 0 [Note] InnoDB: Opened 3 undo tablespaces
2026-10-04  8:59:11 0 [Note] InnoDB: 128 rollback segments in 3 undo tablespaces are active.
2026-10-04  8:59:11 0 [Note] InnoDB: Removed temporary tablespace data file: "./ibtmp1"
2026-10-04  8:59:11 0 [Note] InnoDB: Setting file './ibtmp1' size to 12.000MiB. Physically writing the file full; Please wait ...
2026-10-04  8:59:11 0 [Note] InnoDB: File './ibtmp1' size is now 12.000MiB.
2026-10-04  8:59:11 0 [Note] InnoDB: log sequence number 1177323; transaction id 1106
2026-10-04  8:59:11 0 [Note] InnoDB: Loading buffer pool(s) from /home/de_night_shepherd/Desktop/smartspend/mysql_data/data/ib_buffer_pool
2026-10-04  8:59:11 0 [Note] Plugin 'FEEDBACK' is disabled.
2026-10-04  8:59:11 0 [Note] Plugin 'wsrep-provider' is disabled.
2026-10-04  8:59:11 0 [Note] InnoDB: Buffer pool(s) load completed at 261004  8:59:11
2026-10-04  8:59:11 0 [Note] Recovering after a crash using tc.log
2026-10-04  8:59:11 0 [Note] Starting table crash recovery...
2026-10-04  8:59:11 0 [Note] Crash table recovery finished.
2026-10-04  8:59:11 0 [Note] Server socket created on IP: '127.0.0.1', port: '3307'.
2026-10-04  8:59:11 0 [Note] InnoDB: Memory pressure event disregarded; innodb_buffer_pool_size=128m, innodb_buffer_pool_size_auto_min=128m
2026-10-04  8:59:11 0 [Note] mariadbd: Event Scheduler: Loaded 0 events
2026-10-04  8:59:11 0 [Note] /usr/sbin/mariadbd: ready for connections.
Version: '11.8.6-MariaDB-6 from Debian'  socket: '/home/de_night_shepherd/Desktop/smartspend/mysql_data/mysql.sock'  port: 3307  -- Please help get to 10k stars at https://github.com/MariaDB/Server
2026-10-04  8:59:21 0 [Note] /usr/sbin/mariadbd (initiated by: unknown): Normal shutdown
2026-10-04  8:59:21 0 [Note] InnoDB: FTS optimize thread exiting.
2026-10-04  8:59:21 0 [Note] InnoDB: Starting shutdown...
2026-10-04  8:59:21 0 [Note] InnoDB: Dumping buffer pool(s) to /home/de_night_shepherd/Desktop/smartspend/mysql_data/data/ib_buffer_pool
2026-10-04  8:59:21 0 [Note] InnoDB: Buffer pool(s) dump completed at 261004  8:59:21
2026-10-04  8:59:21 0 [Note] InnoDB: Removed temporary tablespace data file: "./ibtmp1"
2026-10-04  8:59:21 0 [Note] InnoDB: Shutdown completed; log sequence number 1178819; transaction id 1107
2026-10-04  8:59:21 0 [Note] /usr/sbin/mariadbd: Shutdown complete
